0000|BattleStarted|-1|-1|-|0|3
0001|ActorJoined|-1|0|probe:actor.adventurer|80|12
0002|ActorJoined|-1|1|probe:monster.goblin|38|2
0003|ActorJoined|-1|2|probe:monster.wolf|46|0
0004|ActionStarted|0|1|probe:ability.crush|0|0
0005|ManaChanged|0|0|-|-2|10
0006|StatusApplied|0|1|probe:status.weakened|6|2
0007|Damaged|0|1|-|13|25
0008|TurnEnded|0|-1|-|0|0
0009|ActionStarted|1|0|probe:ability.crush|0|0
0010|ManaChanged|1|1|-|-2|0
0011|StatusApplied|1|0|probe:status.weakened|1|2
0012|Damaged|1|0|-|1|79
0013|StatusTick|0|1|probe:status.weakened|0|1
0014|TurnEnded|1|-1|-|0|0
0015|ActionStarted|2|0|probe:ability.strike|0|0
0016|Damaged|2|0|-|10|69
0017|TurnEnded|2|-1|-|0|0
0018|ActionStarted|0|1|probe:ability.drain|0|0
0019|ManaChanged|0|0|-|-3|7
0020|Damaged|0|1|-|12|13
0021|Healed|0|0|-|6|75
0022|StatusTick|1|0|probe:status.weakened|0|1
0023|TurnEnded|0|-1|-|0|0
0024|ActionStarted|1|0|probe:ability.strike|0|0
0025|Damaged|1|0|-|1|74
0026|StatusTick|0|1|probe:status.weakened|0|0
0027|StatusExpired|0|1|probe:status.weakened|0|0
0028|TurnEnded|1|-1|-|0|0
0029|ActionStarted|2|0|probe:ability.strike|0|0
0030|Damaged|2|0|-|11|63
0031|TurnEnded|2|-1|-|0|0
0032|ActionStarted|0|1|probe:ability.strike|0|0
0033|Damaged|0|1|-|13|0
0034|Died|0|1|probe:monster.goblin|0|0
0035|StatusTick|1|0|probe:status.weakened|0|0
0036|StatusExpired|1|0|probe:status.weakened|0|0
0037|TurnEnded|0|-1|-|0|0
0038|ActionStarted|2|0|probe:ability.strike|0|0
0039|Damaged|2|0|-|8|55
0040|TurnEnded|2|-1|-|0|0
0041|ActionStarted|0|2|probe:ability.crush|0|0
0042|ManaChanged|0|0|-|-2|5
0043|StatusApplied|0|2|probe:status.weakened|6|2
0044|Damaged|0|2|-|13|33
0045|TurnEnded|0|-1|-|0|0
0046|ActionStarted|2|0|probe:ability.strike|0|0
0047|Damaged|2|0|-|2|53
0048|StatusTick|0|2|probe:status.weakened|0|1
0049|TurnEnded|2|-1|-|0|0
0050|ActionStarted|0|2|probe:ability.drain|0|0
0051|ManaChanged|0|0|-|-3|2
0052|Damaged|0|2|-|12|21
0053|Healed|0|0|-|6|59
0054|TurnEnded|0|-1|-|0|0
0055|ActionStarted|2|0|probe:ability.strike|0|0
0056|Damaged|2|0|-|4|55
0057|StatusTick|0|2|probe:status.weakened|0|0
0058|StatusExpired|0|2|probe:status.weakened|0|0
0059|TurnEnded|2|-1|-|0|0
0060|ActionStarted|0|2|probe:ability.strike|0|0
0061|Damaged|0|2|-|14|7
0062|TurnEnded|0|-1|-|0|0
0063|ActionStarted|2|0|probe:ability.strike|0|0
0064|Damaged|2|0|-|9|46
0065|TurnEnded|2|-1|-|0|0
0066|ActionStarted|0|2|probe:ability.crush|0|0
0067|ManaChanged|0|0|-|-2|0
0068|StatusApplied|0|2|probe:status.weakened|6|2
0069|Damaged|0|2|-|7|0
0070|Died|0|2|probe:monster.wolf|0|0
0071|TurnEnded|0|-1|-|0|0
0072|BattleEnded|-1|-1|Victory|0|0
