0000|BattleStarted|-1|-1|-|0|3
0001|ActorJoined|-1|0|probe:actor.adventurer|80|12
0002|ActorJoined|-1|1|probe:monster.goblin|38|2
0003|ActorJoined|-1|2|probe:monster.wolf|46|0
0004|ActionStarted|0|1|probe:ability.crush|0|0
0005|ManaChanged|0|0|-|-2|10
0006|StatusApplied|0|1|probe:status.weakened|5|2
0007|Damaged|0|1|-|11|27
0008|TurnEnded|0|-1|-|0|0
0009|ActionStarted|1|0|probe:ability.crush|0|0
0010|ManaChanged|1|1|-|-2|0
0011|StatusApplied|1|0|probe:status.weakened|2|2
0012|Damaged|1|0|-|3|77
0013|StatusTick|0|1|probe:status.weakened|0|1
0014|TurnEnded|1|-1|-|0|0
0015|ActionStarted|2|0|probe:ability.strike|0|0
0016|Damaged|2|0|-|11|66
0017|TurnEnded|2|-1|-|0|0
0018|ActionStarted|0|1|probe:ability.drain|0|0
0019|ManaChanged|0|0|-|-3|7
0020|Damaged|0|1|-|10|17
0021|Healed|0|0|-|5|71
0022|StatusTick|1|0|probe:status.weakened|0|1
0023|TurnEnded|0|-1|-|0|0
0024|ActionStarted|1|0|probe:ability.strike|0|0
0025|Damaged|1|0|-|4|67
0026|StatusTick|0|1|probe:status.weakened|0|0
0027|StatusExpired|0|1|probe:status.weakened|0|0
0028|TurnEnded|1|-1|-|0|0
0029|ActionStarted|2|0|probe:ability.strike|0|0
0030|Damaged|2|0|-|12|55
0031|TurnEnded|2|-1|-|0|0
0032|ActionStarted|0|1|probe:ability.strike|0|0
0033|Damaged|0|1|-|10|7
0034|StatusTick|1|0|probe:status.weakened|0|0
0035|StatusExpired|1|0|probe:status.weakened|0|0
0036|TurnEnded|0|-1|-|0|0
0037|ActionStarted|1|0|probe:ability.strike|0|0
0038|Damaged|1|0|-|7|48
0039|TurnEnded|1|-1|-|0|0
0040|ActionStarted|2|0|probe:ability.strike|0|0
0041|Damaged|2|0|-|9|39
0042|TurnEnded|2|-1|-|0|0
0043|ActionStarted|0|1|probe:ability.crush|0|0
0044|ManaChanged|0|0|-|-2|5
0045|StatusApplied|0|1|probe:status.weakened|5|2
0046|Damaged|0|1|-|7|0
0047|Died|0|1|probe:monster.goblin|0|0
0048|TurnEnded|0|-1|-|0|0
0049|ActionStarted|2|0|probe:ability.strike|0|0
0050|Damaged|2|0|-|8|31
0051|TurnEnded|2|-1|-|0|0
0052|ActionStarted|0|2|probe:ability.drain|0|0
0053|ManaChanged|0|0|-|-3|2
0054|Damaged|0|2|-|9|37
0055|Healed|0|0|-|5|36
0056|TurnEnded|0|-1|-|0|0
0057|ActionStarted|2|0|probe:ability.strike|0|0
0058|Damaged|2|0|-|10|26
0059|TurnEnded|2|-1|-|0|0
0060|ActionStarted|0|2|probe:ability.strike|0|0
0061|Damaged|0|2|-|9|28
0062|TurnEnded|0|-1|-|0|0
0063|ActionStarted|2|0|probe:ability.strike|0|0
0064|Damaged|2|0|-|10|16
0065|TurnEnded|2|-1|-|0|0
0066|ActionStarted|0|2|probe:ability.crush|0|0
0067|ManaChanged|0|0|-|-2|0
0068|StatusApplied|0|2|probe:status.weakened|5|2
0069|Damaged|0|2|-|11|17
0070|TurnEnded|0|-1|-|0|0
0071|ActionStarted|2|0|probe:ability.strike|0|0
0072|Damaged|2|0|-|3|13
0073|StatusTick|0|2|probe:status.weakened|0|1
0074|TurnEnded|2|-1|-|0|0
0075|ActionStarted|0|2|probe:ability.strike|0|0
0076|Damaged|0|2|-|12|5
0077|TurnEnded|0|-1|-|0|0
0078|ActionStarted|2|0|probe:ability.strike|0|0
0079|Damaged|2|0|-|3|10
0080|StatusTick|0|2|probe:status.weakened|0|0
0081|StatusExpired|0|2|probe:status.weakened|0|0
0082|TurnEnded|2|-1|-|0|0
0083|ActionStarted|0|2|probe:ability.strike|0|0
0084|Damaged|0|2|-|5|0
0085|Died|0|2|probe:monster.wolf|0|0
0086|TurnEnded|0|-1|-|0|0
0087|BattleEnded|-1|-1|Victory|0|0
